\BOOKMARK [1][-]{section.1}{\376\377\000E\000x\000e\000c\000u\000t\000i\000v\000e\000\040\000s\000u\000m\000m\000a\000r\000y}{}% 1
\BOOKMARK [1][-]{section.2}{\376\377\000E\000x\000p\000e\000r\000i\000m\000e\000n\000t\000\040\000c\000a\000t\000a\000l\000o\000g}{}% 2
\BOOKMARK [1][-]{section.3}{\376\377\000P\000e\000r\000-\000e\000x\000p\000e\000r\000i\000m\000e\000n\000t\000\040\000n\000o\000t\000e\000s}{}% 3
\BOOKMARK [2][-]{subsection.3.1}{\376\377\000p\000h\000a\000s\000e\0001\000\137\000a\000n\000c\000h\000o\000r}{section.3}% 4
\BOOKMARK [2][-]{subsection.3.2}{\376\377\000p\000h\000a\000s\000e\0001\000\137\000r\000a\000n\000d\000o\000m\000\137\000b\000a\000s\000e\000l\000i\000n\000e}{section.3}% 5
\BOOKMARK [2][-]{subsection.3.3}{\376\377\000p\000h\000a\000s\000e\0001\000\137\000p\000c\000a\000\137\000b\000a\000s\000e\000l\000i\000n\000e}{section.3}% 6
\BOOKMARK [2][-]{subsection.3.4}{\376\377\000p\000h\000a\000s\000e\0001\000\137\000p\000a\000r\000e\000t\000o}{section.3}% 7
\BOOKMARK [2][-]{subsection.3.5}{\376\377\000p\000h\000a\000s\000e\0002\000\137\000g\000r\000i\000d}{section.3}% 8
\BOOKMARK [2][-]{subsection.3.6}{\376\377\000p\000h\000a\000s\000e\0003\000\137\000t\000r\000a\000n\000s\000i\000t\000i\000o\000n\000s}{section.3}% 9
\BOOKMARK [2][-]{subsection.3.7}{\376\377\000p\000h\000a\000s\000e\0003\000\137\000q\0003\000q\0004\000\137\000s\000t\000r\000o\000n\000g\000\137\000r\000e\000t\000r\000y}{section.3}% 10
\BOOKMARK [2][-]{subsection.3.8}{\376\377\000p\000h\000a\000s\000e\0003\000b\000\137\000c\000h\000a\000i\000n}{section.3}% 11
\BOOKMARK [2][-]{subsection.3.9}{\376\377\000p\000h\000a\000s\000e\0003\000b\000\137\000b\000p\000t\000t}{section.3}% 12
\BOOKMARK [2][-]{subsection.3.10}{\376\377\000p\000h\000a\000s\000e\0002\000\137\000r\000f\000\137\000f\000a\000i\000r\000\137\000c\000h\000a\000n\000g\000e\000d}{section.3}% 13
\BOOKMARK [2][-]{subsection.3.11}{\376\377\000p\000h\000a\000s\000e\0003\000b\000\137\000r\000a\000w\000\137\000o\000n\000l\000y\000\137\000c\000h\000a\000n\000g\000e\000d}{section.3}% 14
\BOOKMARK [2][-]{subsection.3.12}{\376\377\000p\000h\000a\000s\000e\0001\000\137\000p\000a\000t\000c\000h\000\137\000o\000v\000e\000r\000l\000a\000p\000\137\000c\000h\000a\000n\000g\000e\000d}{section.3}% 15
\BOOKMARK [2][-]{subsection.3.13}{\376\377\000p\000h\000a\000s\000e\0001\000\137\000p\000a\000t\000c\000h\000\137\000d\000e\000p\000t\000h\000\137\000c\000h\000a\000n\000g\000e\000d}{section.3}% 16
\BOOKMARK [2][-]{subsection.3.14}{\376\377\000p\000h\000a\000s\000e\0001\000\137\000p\000a\000t\000c\000h\000\137\000d\000i\000s\000j\000o\000i\000n\000t\000\137\000c\000h\000a\000n\000g\000e\000d}{section.3}% 17
\BOOKMARK [2][-]{subsection.3.15}{\376\377\000p\000h\000a\000s\000e\0004\000\137\000r\0002\0000\000c\0001\0000}{section.3}% 18
\BOOKMARK [2][-]{subsection.3.16}{\376\377\000p\000h\000a\000s\000e\0004\000\137\000s\000e\000e\000d\000s}{section.3}% 19
\BOOKMARK [2][-]{subsection.3.17}{\376\377\000p\000h\000a\000s\000e\0004\000\137\000t\000a\000x\000o\000n\000o\000m\000y}{section.3}% 20
\BOOKMARK [2][-]{subsection.3.18}{\376\377\000p\000h\000a\000s\000e\0004\000\137\000r\0001\0001\0000}{section.3}% 21
\BOOKMARK [2][-]{subsection.3.19}{\376\377\000p\000h\000a\000s\000e\0004\000\137\000v\000i\000t\000\137\000t\000r\000a\000n\000s\000f\000e\000r}{section.3}% 22
\BOOKMARK [2][-]{subsection.3.20}{\376\377\000p\000h\000a\000s\000e\0004\000\137\000v\000i\000t\000\137\000s\000w\000e\000e\000p}{section.3}% 23
\BOOKMARK [2][-]{subsection.3.21}{\376\377\000t\000i\000e\000r\0001\000\137\000i\000n\000t\000e\000r\000v\000e\000n\000t\000i\000o\000n}{section.3}% 24
\BOOKMARK [2][-]{subsection.3.22}{\376\377\000t\000i\000e\000r\0002\000\137\000f\000e\000a\000t\000u\000r\000e\000\137\000a\000u\000d\000i\000t}{section.3}% 25
\BOOKMARK [1][-]{section.4}{\376\377\000C\000r\000o\000s\000s\000-\000e\000x\000p\000e\000r\000i\000m\000e\000n\000t\000\040\000a\000n\000a\000l\000y\000s\000i\000s}{}% 26
\BOOKMARK [1][-]{section.5}{\376\377\000F\000l\000a\000g\000s\000\040\000a\000n\000d\000\040\000r\000i\000s\000k\000s}{}% 27
\BOOKMARK [1][-]{section.6}{\376\377\000W\000h\000a\000t\000\040\000w\000o\000r\000k\000e\000d\000\040\000/\000\040\000w\000h\000a\000t\000\040\000w\000e\000\040\000h\000o\000p\000e\000d\000\040\000f\000o\000r}{}% 28
\BOOKMARK [1][-]{section.7}{\376\377\000W\000h\000a\000t\000\040\000s\000t\000i\000l\000l\000\040\000s\000h\000o\000u\000l\000d\000\040\000b\000e\000\040\000r\000u\000n}{}% 29
\BOOKMARK [1][-]{section.8}{\376\377\000N\000e\000x\000t\000\040\000s\000t\000e\000p\000s}{}% 30
\BOOKMARK [1][-]{section.9}{\376\377\000A\000p\000p\000e\000n\000d\000i\000x}{}% 31
