Traceback (most recent call last):
  File "/home/goutham/Carlos,GouthamandYash/HIGH_DIM_PROJ/src/vit_sae.py", line 118, in <module>
    main()
    ~~~~^^
  File "/home/goutham/Carlos,GouthamandYash/HIGH_DIM_PROJ/src/vit_sae.py", line 64, in main
    vit = ViTWrap(args.model, dev); grid = vit.grid; D = vit.D
  File "/home/goutham/Carlos,GouthamandYash/HIGH_DIM_PROJ/src/vit_sae.py", line 19, in __init__
    self.m = timm.create_model(name, pretrained=True).to(device).eval()
             ~~~~~~~~~~~~~~~~~~~~~~~~~~~~~~~~~~~~~~~~~~~^^^^^^^^
  File "/home/goutham/miniconda3/lib/python3.13/site-packages/torch/nn/modules/module.py", line 1381, in to
    return self._apply(convert)
           ~~~~~~~~~~~^^^^^^^^^
  File "/home/goutham/miniconda3/lib/python3.13/site-packages/torch/nn/modules/module.py", line 933, in _apply
    module._apply(fn)
    ~~~~~~~~~~~~~^^^^
  File "/home/goutham/miniconda3/lib/python3.13/site-packages/torch/nn/modules/module.py", line 933, in _apply
    module._apply(fn)
    ~~~~~~~~~~~~~^^^^
  File "/home/goutham/miniconda3/lib/python3.13/site-packages/torch/nn/modules/module.py", line 964, in _apply
    param_applied = fn(param)
  File "/home/goutham/miniconda3/lib/python3.13/site-packages/torch/nn/modules/module.py", line 1367, in convert
    return t.to(
           ~~~~^
        device,
        ^^^^^^^
        dtype if t.is_floating_point() or t.is_complex() else None,
        ^^^^^^^^^^^^^^^^^^^^^^^^^^^^^^^^^^^^^^^^^^^^^^^^^^^^^^^^^^^
        non_blocking,
        ^^^^^^^^^^^^^
    )
    ^
  File "/home/goutham/miniconda3/lib/python3.13/site-packages/torch/cuda/__init__.py", line 424, in _lazy_init
    torch._C._cuda_init()
    ~~~~~~~~~~~~~~~~~~~^^
RuntimeError: CUDA unknown error - this may be due to an incorrectly set up environment, e.g. changing env variable CUDA_VISIBLE_DEVICES after program start. Setting the available devices to be zero.
